%!Adobe-FontList 1.13
%Locale:0x40c

%BeginFont
Handler:DirectoryHandler
FontType:Invalid
OutlineFileName:C:\Users\RyuuCreator\Desktop\Ryuu Designer\Site RyuuCreators\Font\BrushScript\brushscriptstd-webfont.eot
FileModTime:1316859758
%EndFont

%BeginFont
Handler:DirectoryHandler
FontType:Invalid
OutlineFileName:C:\Users\RyuuCreator\Desktop\Ryuu Designer\Site RyuuCreators\Font\BrushScript\brushscriptstd-webfont.svg
FileModTime:1316859758
%EndFont

%BeginFont
Handler:DirectoryHandler
FontType:TrueType
FontName:BrushScriptStd
FamilyName:Brush Script Std
StyleName:Medium
FullName:Brush Script Std Medium
MenuName:Brush Script Std
StyleBits:1
WritingScript:Roman
OutlineFileName:C:\Users\RyuuCreator\Desktop\Ryuu Designer\Site RyuuCreators\Font\BrushScript\brushscriptstd-webfont.ttf
DataFormat:sfntData
FileLength:70340
FileModTime:1316859758
WeightClass:500
WidthClass:5
AngleClass:1
%EndFont

%BeginFont
Handler:DirectoryHandler
FontType:Invalid
OutlineFileName:C:\Users\RyuuCreator\Desktop\Ryuu Designer\Site RyuuCreators\Font\BrushScript\brushscriptstd-webfont.woff
FileModTime:1316859758
%EndFont

%BeginFont
Handler:DirectoryHandler
FontType:Invalid
OutlineFileName:C:\Users\RyuuCreator\Desktop\Ryuu Designer\Site RyuuCreators\Font\BrushScript\BrushScriptStdMedium-demo.html
FileModTime:1316859764
%EndFont

%BeginFont
Handler:DirectoryHandler
FontType:Invalid
OutlineFileName:C:\Users\RyuuCreator\Desktop\Ryuu Designer\Site RyuuCreators\Font\BrushScript\generator_config.txt
FileModTime:1316859764
%EndFont

%BeginFont
Handler:DirectoryHandler
FontType:Invalid
OutlineFileName:C:\Users\RyuuCreator\Desktop\Ryuu Designer\Site RyuuCreators\Font\BrushScript\stylesheet.css
FileModTime:1316859764
%EndFont

%BeginFont
Handler:DirectoryHandler
FontType:Invalid
OutlineFileName:C:\Users\RyuuCreator\Desktop\Ryuu Designer\Site RyuuCreators\Font\BrushScript\specimen_files\brushscriptstd-cleartype.png
FileModTime:1316859764
%EndFont

%BeginFont
Handler:DirectoryHandler
FontType:Invalid
OutlineFileName:C:\Users\RyuuCreator\Desktop\Ryuu Designer\Site RyuuCreators\Font\BrushScript\specimen_files\easytabs.js
FileModTime:1316859764
%EndFont

%BeginFont
Handler:DirectoryHandler
FontType:Invalid
OutlineFileName:C:\Users\RyuuCreator\Desktop\Ryuu Designer\Site RyuuCreators\Font\BrushScript\specimen_files\grid_12-825-55-15.css
FileModTime:1316859764
%EndFont

%BeginFont
Handler:DirectoryHandler
FontType:Invalid
OutlineFileName:C:\Users\RyuuCreator\Desktop\Ryuu Designer\Site RyuuCreators\Font\BrushScript\specimen_files\specimen_stylesheet.css
FileModTime:1316859764
%EndFont

%BeginFont
Handler:DirectoryHandler
FontType:Invalid
OutlineFileName:C:\Users\RyuuCreator\Desktop\Ryuu Designer\Site RyuuCreators\Font\Aparajita\aparaj-webfont.eot
FileModTime:1315488638
%EndFont

%BeginFont
Handler:DirectoryHandler
FontType:Invalid
OutlineFileName:C:\Users\RyuuCreator\Desktop\Ryuu Designer\Site RyuuCreators\Font\Aparajita\aparaj-webfont.svg
FileModTime:1315488638
%EndFont

%BeginFont
Handler:DirectoryHandler
FontType:TrueType
FontName:Aparajita
FamilyName:Aparajita
StyleName:Regular
FullName:Aparajita Regular
MenuName:Aparajita
StyleBits:0
WritingScript:Roman
OutlineFileName:C:\Users\RyuuCreator\Desktop\Ryuu Designer\Site RyuuCreators\Font\Aparajita\aparaj-webfont.ttf
DataFormat:sfntData
FileLength:55036
FileModTime:1315488638
WeightClass:400
WidthClass:5
AngleClass:0
%EndFont

%BeginFont
Handler:DirectoryHandler
FontType:Invalid
OutlineFileName:C:\Users\RyuuCreator\Desktop\Ryuu Designer\Site RyuuCreators\Font\Aparajita\aparaj-webfont.woff
FileModTime:1315488640
%EndFont

%BeginFont
Handler:DirectoryHandler
FontType:Invalid
OutlineFileName:C:\Users\RyuuCreator\Desktop\Ryuu Designer\Site RyuuCreators\Font\Aparajita\AparajitaRegular-demo.html
FileModTime:1315488644
%EndFont

%BeginFont
Handler:DirectoryHandler
FontType:Invalid
OutlineFileName:C:\Users\RyuuCreator\Desktop\Ryuu Designer\Site RyuuCreators\Font\Aparajita\generator_config.txt
FileModTime:1315488644
%EndFont

%BeginFont
Handler:DirectoryHandler
FontType:Invalid
OutlineFileName:C:\Users\RyuuCreator\Desktop\Ryuu Designer\Site RyuuCreators\Font\Aparajita\stylesheet.css
FileModTime:1315488644
%EndFont

%BeginFont
Handler:DirectoryHandler
FontType:Invalid
OutlineFileName:C:\Users\RyuuCreator\Desktop\Ryuu Designer\Site RyuuCreators\Font\Aparajita\specimen_files\aparaj-cleartype.png
FileModTime:1315488644
%EndFont

%BeginFont
Handler:DirectoryHandler
FontType:Invalid
OutlineFileName:C:\Users\RyuuCreator\Desktop\Ryuu Designer\Site RyuuCreators\Font\Aparajita\specimen_files\easytabs.js
FileModTime:1315488644
%EndFont

%BeginFont
Handler:DirectoryHandler
FontType:Invalid
OutlineFileName:C:\Users\RyuuCreator\Desktop\Ryuu Designer\Site RyuuCreators\Font\Aparajita\specimen_files\grid_12-825-55-15.css
FileModTime:1315488644
%EndFont

%BeginFont
Handler:DirectoryHandler
FontType:Invalid
OutlineFileName:C:\Users\RyuuCreator\Desktop\Ryuu Designer\Site RyuuCreators\Font\Aparajita\specimen_files\specimen_stylesheet.css
FileModTime:1315488644
%EndFont

